// Jest Snapshot v1, https://goo.gl/fbAQLP

exports[`renders match previous iteration 1`] = `
<div
  className="App"
  id="wrapper"
>
  <header
    className="alt"
    id="header"
  >
    <span
      className="logo"
    >
      <img
        alt=""
        src="logo.svg"
      />
    </span>
    <h1>
      Mike Zhen
    </h1>
    <p>
      Software Engineer
       
    </p>
    <div
      className="location row"
    >
      <i
        className="icon fa-map-marker"
      />
      <p>
        Washington D.C.
      </p>
    </div>
    <ul
      className="icons"
    >
      <li>
        <a
          className="icon fa-envelope alt"
          href="mailto:mike.zhen@icloud.com"
        >
          <span
            className="label"
          >
            Email
          </span>
        </a>
      </li>
      <li>
        <a
          className="icon fa-linkedin alt"
          href="https://www.linkedin.com/in/mikezhen"
        >
          <span
            className="label"
          >
            LinkedIn
          </span>
        </a>
      </li>
      <li>
        <a
          className="icon fa-github alt"
          href="https://github.com/mikezhen"
        >
          <span
            className="label"
          >
            GitHub
          </span>
        </a>
      </li>
    </ul>
  </header>
  <nav
    id="nav"
  >
    <ul>
      <li>
        <a
          href="#intro"
        >
          Introduction
        </a>
      </li>
      <li>
        <a
          href="#skills"
        >
          Skills
        </a>
      </li>
      <li>
        <a
          href="#experience"
        >
          Experience
        </a>
      </li>
    </ul>
  </nav>
  <div
    id="main"
  >
    <section
      className="main"
      id="intro"
    >
      <div
        className="spotlight"
      >
        <div
          className="content"
        >
          <header
            className="major"
          >
            <h2>
              Introduction
            </h2>
          </header>
          <p>
            Hello! My name is Mike and I am a software engineer with full-stack development using the MEAN technologies. I am also well-versed in Amazon Web Services (AWS) cloud solutions. I am always trying to stay updated and learning new technologies. (Fun fact: I'm utilizing the creation of this page to learn React!)
          </p>
          <a
            className="button special"
            download={true}
            href=""
            onMouseEnter={[Function]}
            onMouseLeave={[Function]}
          >
            Get Resume
          </a>
        </div>
        <span
          className="image"
        >
          <img
            alt=""
            src="https://media.licdn.com/dms/image/C5603AQH4k6Sw4lLMyQ/profile-displayphoto-shrink_200_200/0?e=1533168000&v=beta&t=7L6jB_FyKRFLuCV8WCtquyFp8_AMTCEDrsr6kl0gpHk"
          />
        </span>
      </div>
    </section>
    <section
      className="main special"
      id="skills"
    >
      <header
        className="major"
      >
        <h2>
          Skills
        </h2>
      </header>
      <div
        className="row"
      >
        <div
          className="4u 12u$(medium)"
        >
          <span
            className="icon major style2 fa-code"
            id="skill-icons"
          />
          <h3
            style={
              Object {
                "fontWeight": "bold",
              }
            }
          >
            Languages
          </h3>
          <ul
            className="skill-list"
          >
            <li>
              JavaScript (ES6)
            </li>
            <li>
              Python
            </li>
            <li>
              C/C++
            </li>
          </ul>
        </div>
        <div
          className="4u 12u$(medium)"
        >
          <span
            className="icon major style3 fa-sitemap"
            id="skill-icons"
          />
          <h3
            style={
              Object {
                "fontWeight": "bold",
              }
            }
          >
            Frameworks
          </h3>
          <ul
            className="skill-list"
          >
            <li>
              Node
            </li>
            <li>
              Angular
            </li>
            <li>
              Express.js
            </li>
          </ul>
        </div>
        <div
          className="4u 12u$(medium)"
        >
          <span
            className="icon major style4 fa-terminal"
            id="skill-icons"
          />
          <h3
            style={
              Object {
                "fontWeight": "bold",
              }
            }
          >
            Tools
          </h3>
          <ul
            className="skill-list"
          >
            <li>
              AWS
            </li>
            <li>
              Terraform
            </li>
            <li>
              Ansible
            </li>
          </ul>
        </div>
      </div>
    </section>
    <section
      className="main special"
      id="experience"
    >
      <header
        className="major"
      >
        <h2>
          Experience
        </h2>
      </header>
      <div
        className="timeline-wrapper"
      >
        <span
          className="up-arrow"
        />
        <div
          className="timeline"
        >
          <div
            className="timeline-block"
          >
            <div
              className="timeline-content"
            >
              <h2
                className="role"
              >
                Software Engineer
              </h2>
              <h3
                className="company"
              >
                Capital One
              </h3>
              <p
                className="description"
              >
                Coded solution for data encryption in AWS. Automated infrastructure provisioning and server configuration for various applications. Designed architecture for multiple application migrations into the cloud. Led proof-of-concept efforts to validate plausibility of cloud solutions.
              </p>
              <div
                className="container"
              >
                <span
                  className="label label-skill"
                >
                  AWS
                </span>
                <span
                  className="label label-skill"
                >
                  Python
                </span>
                <span
                  className="label label-skill"
                >
                  Terraform
                </span>
                <span
                  className="label label-skill"
                >
                  Ansible
                </span>
                <span
                  className="label label-skill"
                >
                  Docker
                </span>
                <span
                  className="label label-skill"
                >
                  Lambda
                </span>
              </div>
            </div>
            <div
              className="timeline-image"
            >
              <div
                className="sprite work"
              />
            </div>
            <span
              className="date"
            >
              July 2016 - Present
            </span>
          </div>
          <div
            className="timeline-block"
          >
            <div
              className="timeline-content"
            >
              <h2
                className="role"
              >
                Associate Software Engineer
              </h2>
              <h3
                className="company"
              >
                Capital One
              </h3>
              <p
                className="description"
              >
                Developed web application as internal tool using MEAN technologies from scratch. Wrote REST API's on Express framework and designed front-end using AngularJS. Led effort to automate application deployment into the cloud.
              </p>
              <div
                className="container"
              >
                <span
                  className="label label-skill"
                >
                  JavaScript
                </span>
                <span
                  className="label label-skill"
                >
                  Node
                </span>
                <span
                  className="label label-skill"
                >
                  Angular
                </span>
                <span
                  className="label label-skill"
                >
                  MongoDB
                </span>
                <span
                  className="label label-skill"
                >
                  Express.js
                </span>
                <span
                  className="label label-skill"
                >
                  Bootstrap
                </span>
              </div>
            </div>
            <div
              className="timeline-image"
            >
              <div
                className="sprite work"
              />
            </div>
            <span
              className="date"
            >
              July 2015 - July 2016
            </span>
          </div>
          <div
            className="timeline-block"
          >
            <div
              className="timeline-content"
            >
              <h2
                className="role"
              >
                Bachelor's in Computer Engineering
              </h2>
              <h3
                className="company"
              >
                University of Illinois at Urbana-Champaign
              </h3>
              <p
                className="description"
              >
                Completed many courses relating to hardware design and low level programming. Gained experience through various projects including: building a terminal-based operating system and programming embedded system to autonomously balance a ball.
              </p>
              <div
                className="container"
              >
                <span
                  className="label label-skill"
                >
                  Python
                </span>
                <span
                  className="label label-skill"
                >
                  C/C++
                </span>
                <span
                  className="label label-skill"
                >
                  OS
                </span>
              </div>
            </div>
            <div
              className="timeline-image"
            >
              <div
                className="sprite academic"
              />
            </div>
            <span
              className="date"
            >
              Aug 2011 - May 2015
            </span>
          </div>
        </div>
      </div>
    </section>
  </div>
  <footer
    id="footer"
  >
    <div
      onClick={[Function]}
      style={
        Object {
          "bottom": 50,
          "cursor": "pointer",
          "opacity": 0,
          "position": "fixed",
          "right": 30,
          "transitionDelay": "0s",
          "transitionDuration": "0.2s",
          "transitionProperty": "opacity, visibility",
          "transitionTimingFunction": "linear",
          "visibility": "hidden",
        }
      }
    >
      <img
        alt=""
        id="scroll-image"
        src="rocket.png"
      />
    </div>
    <p
      className="copyright"
    >
      Beam me up!
    </p>
  </footer>
</div>
`;
